// Jest Snapshot v1, https://goo.gl/fbAQLP

exports[`should correctly render AnswerPollPage 1`] = `null`;